// Jest Snapshot v1, https://goo.gl/fbAQLP

exports[`Stock card renders properly 1`] = `
<div
  class="col-sm-6 col-md-4 app-stocks-card card m-2"
>
  <div
    class="card-header"
  >
    <h3
      class="Card-Title"
    >
      
        Pied Piper 
    </h3>
     
    <small>
      Price: 26
        
    </small>
     
    <div
      class="card-body"
    >
      <div
        class="pull-left"
      >
        <div
          class="form-group"
        >
          <input
            class="form-control"
            placeholder="Quantity"
            type="number"
          />
        </div>
      </div>
       
      <div
        class="pull-right"
      >
        <button
          class="btn btn-primary"
          disabled="disabled"
        >
          
          Buy
        
        </button>
      </div>
    </div>
  </div>
</div>
`;
