// Jest Snapshot v1, https://goo.gl/fbAQLP

exports[`App Stocks renders correctly 1`] = `
<div>
  <div>
    <div
      class="app-stocks-card col-sm-6 col-md-4"
    >
      <div
        class="panel panel-success"
      >
        <div
          class="panel-heading"
        >
          <h3
            class="panel-title"
          >
            
        google 
        
            <small>
              Price: 130
        
            </small>
          </h3>
           
          <div
            class="panel-body"
          >
            <div
              class="pull-left"
            >
              <input
                class="form-control"
                placeholder="Quantity"
                type="number"
              />
            </div>
             
            <div
              class="pull-right"
            >
              <button
                class="btn btn-success"
              >
                
          Buy
        
              </button>
            </div>
          </div>
        </div>
      </div>
    </div>
  </div>
  <div>
    <div
      class="app-stocks-card col-sm-6 col-md-4"
    >
      <div
        class="panel panel-success"
      >
        <div
          class="panel-heading"
        >
          <h3
            class="panel-title"
          >
            
        amd 
        
            <small>
              Price: 130
        
            </small>
          </h3>
           
          <div
            class="panel-body"
          >
            <div
              class="pull-left"
            >
              <input
                class="form-control"
                placeholder="Quantity"
                type="number"
              />
            </div>
             
            <div
              class="pull-right"
            >
              <button
                class="btn btn-success"
              >
                
          Buy
        
              </button>
            </div>
          </div>
        </div>
      </div>
    </div>
  </div>
  <div>
    <div
      class="app-stocks-card col-sm-6 col-md-4"
    >
      <div
        class="panel panel-success"
      >
        <div
          class="panel-heading"
        >
          <h3
            class="panel-title"
          >
            
        tesla 
        
            <small>
              Price: 130
        
            </small>
          </h3>
           
          <div
            class="panel-body"
          >
            <div
              class="pull-left"
            >
              <input
                class="form-control"
                placeholder="Quantity"
                type="number"
              />
            </div>
             
            <div
              class="pull-right"
            >
              <button
                class="btn btn-success"
              >
                
          Buy
        
              </button>
            </div>
          </div>
        </div>
      </div>
    </div>
  </div>
  <div>
    <div
      class="app-stocks-card col-sm-6 col-md-4"
    >
      <div
        class="panel panel-success"
      >
        <div
          class="panel-heading"
        >
          <h3
            class="panel-title"
          >
            
        yahoo 
        
            <small>
              Price: 130
        
            </small>
          </h3>
           
          <div
            class="panel-body"
          >
            <div
              class="pull-left"
            >
              <input
                class="form-control"
                placeholder="Quantity"
                type="number"
              />
            </div>
             
            <div
              class="pull-right"
            >
              <button
                class="btn btn-success"
              >
                
          Buy
        
              </button>
            </div>
          </div>
        </div>
      </div>
    </div>
  </div>
</div>
`;
