// Jest Snapshot v1, https://goo.gl/fbAQLP

exports[`App Stocks renders correctly 1`] = `
<div
  class="row m-3"
>
  <div
    class="col-sm-6 col-md-4 app-stocks-card card m-2"
  >
    <div
      class="card-header"
    >
      <h3
        class="Card-Title"
      >
        
        google 
      </h3>
       
      <small>
        Price: 130
        
      </small>
       
      <div
        class="card-body"
      >
        <div
          class="pull-left"
        >
          <div
            class="form-group"
          >
            <input
              class="form-control"
              placeholder="Quantity"
              type="number"
            />
          </div>
        </div>
         
        <div
          class="pull-right"
        >
          <button
            class="btn btn-primary"
            disabled="disabled"
          >
            
          Buy
        
          </button>
        </div>
      </div>
    </div>
  </div>
  <div
    class="col-sm-6 col-md-4 app-stocks-card card m-2"
  >
    <div
      class="card-header"
    >
      <h3
        class="Card-Title"
      >
        
        amd 
      </h3>
       
      <small>
        Price: 130
        
      </small>
       
      <div
        class="card-body"
      >
        <div
          class="pull-left"
        >
          <div
            class="form-group"
          >
            <input
              class="form-control"
              placeholder="Quantity"
              type="number"
            />
          </div>
        </div>
         
        <div
          class="pull-right"
        >
          <button
            class="btn btn-primary"
            disabled="disabled"
          >
            
          Buy
        
          </button>
        </div>
      </div>
    </div>
  </div>
  <div
    class="col-sm-6 col-md-4 app-stocks-card card m-2"
  >
    <div
      class="card-header"
    >
      <h3
        class="Card-Title"
      >
        
        tesla 
      </h3>
       
      <small>
        Price: 130
        
      </small>
       
      <div
        class="card-body"
      >
        <div
          class="pull-left"
        >
          <div
            class="form-group"
          >
            <input
              class="form-control"
              placeholder="Quantity"
              type="number"
            />
          </div>
        </div>
         
        <div
          class="pull-right"
        >
          <button
            class="btn btn-primary"
            disabled="disabled"
          >
            
          Buy
        
          </button>
        </div>
      </div>
    </div>
  </div>
  <div
    class="col-sm-6 col-md-4 app-stocks-card card m-2"
  >
    <div
      class="card-header"
    >
      <h3
        class="Card-Title"
      >
        
        yahoo 
      </h3>
       
      <small>
        Price: 130
        
      </small>
       
      <div
        class="card-body"
      >
        <div
          class="pull-left"
        >
          <div
            class="form-group"
          >
            <input
              class="form-control"
              placeholder="Quantity"
              type="number"
            />
          </div>
        </div>
         
        <div
          class="pull-right"
        >
          <button
            class="btn btn-primary"
            disabled="disabled"
          >
            
          Buy
        
          </button>
        </div>
      </div>
    </div>
  </div>
</div>
`;
