// Jest Snapshot v1, https://goo.gl/fbAQLP

exports[`Stock card renders properly 1`] = `
<div
  class="app-stocks-card col-md-6"
>
  <p>
    Stock: Pied Piper Price: 26
  </p>
   
  <div
    class="form-group"
  >
    <input
      class="form-control"
      type="text"
    />
     
    <button
      class="btn btn-primary"
    >
      Purchase
    </button>
  </div>
</div>
`;
